[2025-12-30 14:00:37.688] [drdaemon] [info] ===============================================================
[2025-12-30 14:00:37.688] [drdaemon] [info] Log manager initialized - DR Daemon session started
[2025-12-30 14:00:37.688] [drdaemon] [info] ===============================================================
[2025-12-30 14:00:37.688] [drdaemon] [info] DR Daemon starting...
[2025-12-30 14:00:37.688] [drdaemon] [info] Starting DR Daemon - target: drengsrv.exe, interval: 0.5s
[2025-12-30 14:00:37.688] [drdaemon] [info] Target process set to: drengsrv.exe
[2025-12-30 14:00:37.688] [drdaemon] [info] Log directory name set to: log
[2025-12-30 14:00:37.689] [drdaemon] [info] Dump directory name set to: log
[2025-12-30 14:00:37.689] [drdaemon] [warning] Cannot set monitor interval: ProcessMonitor not initialized
[2025-12-30 14:00:37.689] [drdaemon] [info] Configuring follow process: recoverit.exe
[2025-12-30 14:00:37.689] [drdaemon] [info] Process follow exit enabled - will exit when 'recoverit.exe' exits
[2025-12-30 14:00:37.689] [drdaemon] [info] Configuring report policy: 2
[2025-12-30 14:00:37.689] [drdaemon] [info] Report policy set to: 2 - Only when valid dumps generated
[2025-12-30 14:00:37.689] [drdaemon] [info] Initializing service components...
[2025-12-30 14:00:37.689] [drdaemon] [info] Initializing daemon service components...
[2025-12-30 14:00:37.689] [drdaemon] [info] ProcessMonitor initialized
[2025-12-30 14:00:37.691] [drdaemon] [info] Created crash report directory: C:\ProgramData\Wondershare\Recoverit\drdaemon\CrashReports
[2025-12-30 14:00:37.691] [drdaemon] [info] Log directory name set to: log
[2025-12-30 14:00:37.691] [drdaemon] [info] Dump directory name set to: log
[2025-12-30 14:00:37.691] [drdaemon] [info] CrashReportPackager initialized
[2025-12-30 14:00:37.691] [drdaemon] [info] DaemonCrashReporter: Attempting to locate drreporter at: 
[2025-12-30 14:00:37.691] [drdaemon] [error] DaemonCrashReporter: drreporter.exe not found at: 
[2025-12-30 14:00:37.691] [drdaemon] [info] DaemonCrashReporter: Searching alternative locations...
[2025-12-30 14:00:37.691] [drdaemon] [error] DaemonCrashReporter: drreporter.exe not found in any location
[2025-12-30 14:00:37.691] [drdaemon] [warning] Error: Failed to initialize DR Reporter, will use fallback upload method
[2025-12-30 14:00:37.691] [drdaemon] [info] Using default upload (DR Reporter not available)
[2025-12-30 14:00:37.691] [drdaemon] [info] Setting default upload callback...
[2025-12-30 14:00:37.691] [drdaemon] [info] Default upload configured (local storage only)
[2025-12-30 14:00:37.691] [drdaemon] [info] Initializing follow process monitor for: recoverit.exe
[2025-12-30 14:00:37.691] [drdaemon] [info] Follow process monitor initialized - will exit when 'recoverit.exe' exits
[2025-12-30 14:00:37.691] [drdaemon] [info] Daemon service initialized successfully - monitoring: drengsrv.exe
[2025-12-30 14:00:37.691] [drdaemon] [info] Daemon service started successfully
[2025-12-30 14:00:37.691] [drdaemon] [info] Service configured - upload method: Default
[2025-12-30 14:00:37.691] [drdaemon] [warning] Using local storage only - crash reports will not be uploaded
[2025-12-30 14:00:37.691] [drdaemon] [info] Starting main service loop...
[2025-12-30 14:00:37.691] [drdaemon] [info] Starting daemon service main loop - target: drengsrv.exe, follow: recoverit.exe, upload: Default, policy: Only when valid dumps generated
[2025-12-30 14:00:37.691] [drdaemon] [info] Starting process monitor for: drengsrv.exe
[2025-12-30 14:00:37.691] [drdaemon] [info] Process monitor started successfully
[2025-12-30 14:00:37.691] [drdaemon] [info] Starting process monitor for: recoverit.exe
[2025-12-30 14:00:37.692] [drdaemon] [info] Follow process monitor started - tracking 'recoverit.exe'
[2025-12-30 14:00:37.692] [drdaemon] [info] Process monitor loop started for: drengsrv.exe
[2025-12-30 14:00:37.692] [drdaemon] [info] Process monitor loop started for: recoverit.exe
[2025-12-30 14:00:37.704] [drdaemon] [info] Process drengsrv.exe started (PID: 21012)
[2025-12-30 14:00:37.704] [drdaemon] [info] Process recoverit.exe started (PID: 30712)
[2025-12-30 15:00:38.162] [drdaemon] [info] Running periodic cleanup (7 days retention)...
[2025-12-30 15:00:38.162] [drdaemon] [info] Cleaning up crash reports older than 7 days
[2025-12-30 15:00:38.163] [drdaemon] [info] Cleaned up 0 old crash reports
[2025-12-30 16:00:43.696] [drdaemon] [info] Running periodic cleanup (7 days retention)...
[2025-12-30 16:00:43.696] [drdaemon] [info] Cleaning up crash reports older than 7 days
[2025-12-30 16:00:43.697] [drdaemon] [info] Cleaned up 0 old crash reports
[2025-12-30 17:00:49.231] [drdaemon] [info] Running periodic cleanup (7 days retention)...
[2025-12-30 17:00:49.231] [drdaemon] [info] Cleaning up crash reports older than 7 days
[2025-12-30 17:00:49.232] [drdaemon] [info] Cleaned up 0 old crash reports
[2025-12-30 17:14:19.912] [drdaemon] [warning] Process drengsrv.exe has exited (PID: 21012)
[2025-12-30 17:14:19.912] [drdaemon] [info] Process exit type: ABNORMAL
[2025-12-30 17:14:19.912] [drdaemon] [warning] Process drengsrv.exe (PID: 21012) exited, abnormal: true
[2025-12-30 17:14:19.912] [drdaemon] [info] Current report policy: Only when valid dumps generated
[2025-12-30 17:14:19.913] [drdaemon] [info] Abnormal exit detected - starting real-time WER dump monitoring...
[2025-12-30 17:14:20.084] [drdaemon] [warning] Process recoverit.exe has exited (PID: 30712)
[2025-12-30 17:14:20.085] [drdaemon] [info] Process exit type: NORMAL
[2025-12-30 17:14:20.085] [drdaemon] [info] Follow process 'recoverit.exe' (PID: 30712) has exited, abnormal: false
[2025-12-30 17:14:20.085] [drdaemon] [info] Daemon will exit following the target process
[2025-12-30 17:14:20.515] [drdaemon] [info] Daemon service main loop ended - reason: stop requested
[2025-12-30 17:14:20.515] [drdaemon] [info] Stopping process monitor...
[2025-12-30 17:14:20.515] [drdaemon] [info] Process monitor loop ended for: drengsrv.exe
[2025-12-30 17:14:20.516] [drdaemon] [info] Process monitor stopped
[2025-12-30 17:14:20.517] [drdaemon] [info] Stopping process monitor...
[2025-12-30 17:14:20.517] [drdaemon] [info] Process monitor loop ended for: recoverit.exe
[2025-12-30 17:14:20.517] [drdaemon] [info] Process monitor stopped
[2025-12-30 17:14:20.517] [drdaemon] [info] DR Daemon stopping...
